d:\person\openfences\cpp\build\openfences.dir\release\main.obj
d:\person\openfences\cpp\build\openfences.dir\release\fence_window.obj
d:\person\openfences\cpp\build\openfences.dir\release\settings_panel.obj
d:\person\openfences\cpp\build\openfences.dir\release\render.obj
d:\person\openfences\cpp\build\openfences.dir\release\context_menu.obj
d:\person\openfences\cpp\build\openfences.dir\release\icon_extract.obj
d:\person\openfences\cpp\build\openfences.dir\release\menu_icons.obj
d:\person\openfences\cpp\build\openfences.dir\release\config.obj
d:\person\openfences\cpp\build\cmakefiles\generate.stamp
d:\person\openfences\cpp\build\release\openfences.exe
d:\person\openfences\cpp\build\openfences.dir\release\app.res
d:\person\openfences\cpp\build\openfences.dir\release\openfences.tlog\cl.command.1.tlog
d:\person\openfences\cpp\build\openfences.dir\release\openfences.tlog\cl.read.1.tlog
d:\person\openfences\cpp\build\openfences.dir\release\openfences.tlog\cl.write.1.tlog
d:\person\openfences\cpp\build\openfences.dir\release\openfences.tlog\custombuild.command.1.tlog
d:\person\openfences\cpp\build\openfences.dir\release\openfences.tlog\custombuild.read.1.tlog
d:\person\openfences\cpp\build\openfences.dir\release\openfences.tlog\custombuild.write.1.tlog
d:\person\openfences\cpp\build\openfences.dir\release\openfences.tlog\link.command.1.tlog
d:\person\openfences\cpp\build\openfences.dir\release\openfences.tlog\link.read.1.tlog
d:\person\openfences\cpp\build\openfences.dir\release\openfences.tlog\link.write.1.tlog
d:\person\openfences\cpp\build\openfences.dir\release\openfences.tlog\rc.command.1.tlog
d:\person\openfences\cpp\build\openfences.dir\release\openfences.tlog\rc.read.1.tlog
d:\person\openfences\cpp\build\openfences.dir\release\openfences.tlog\rc.write.1.tlog
